64.233.172.20 - - [12/Apr/2020:00:44:05 +0000] "GET /favicon.ico HTTP/1.1" 404 2987 "-" "Mozilla/5.0 (X11; Linux x86_64) AppleWebKit/537.36 (KHTML, like Gecko) Chrome/49.0.2623.75 Safari/537.36 Google Favicon"
64.233.172.18 - - [12/Apr/2020:01:16:21 +0000] "GET / HTTP/1.1" 302 2836 "-" "Mozilla/5.0 (X11; Linux x86_64) AppleWebKit/537.36 (KHTML, like Gecko) Chrome/49.0.2623.75 Safari/537.36 Google Favicon"
64.233.172.22 - - [12/Apr/2020:01:16:21 +0000] "GET /backend/web/index.php HTTP/1.1" 302 3036 "-" "Mozilla/5.0 (X11; Linux x86_64) AppleWebKit/537.36 (KHTML, like Gecko) Chrome/49.0.2623.75 Safari/537.36 Google Favicon"
64.233.172.22 - - [12/Apr/2020:01:16:22 +0000] "GET /backend/web/index.php?r=site%2Flogin HTTP/1.1" 200 2095 "-" "Mozilla/5.0 (X11; Linux x86_64) AppleWebKit/537.36 (KHTML, like Gecko) Chrome/49.0.2623.75 Safari/537.36 Google Favicon"
64.233.172.18 - - [12/Apr/2020:02:29:46 +0000] "GET /favicon.ico HTTP/1.1" 404 2987 "-" "Mozilla/5.0 (X11; Linux x86_64) AppleWebKit/537.36 (KHTML, like Gecko) Chrome/49.0.2623.75 Safari/537.36 Google Favicon"
115.178.252.158 - - [12/Apr/2020:02:37:15 +0000] "GET /backend/web/index.php HTTP/1.1" 302 3083 "https://sijaksa.online/backend/web/index.php" "Mozilla/5.0 (Linux; Android 9; CPH1923) AppleWebKit/537.36 (KHTML, like Gecko) Chrome/80.0.3987.162 Mobile Safari/537.36"
115.178.252.158 - - [12/Apr/2020:02:37:15 +0000] "GET /backend/web/index.php?r=site%2Flogin HTTP/1.1" 200 2001 "https://sijaksa.online/backend/web/index.php" "Mozilla/5.0 (Linux; Android 9; CPH1923) AppleWebKit/537.36 (KHTML, like Gecko) Chrome/80.0.3987.162 Mobile Safari/537.36"
115.178.252.158 - - [12/Apr/2020:02:37:22 +0000] "GET /backend/web/images/kartun.gif HTTP/1.1" 200 187118 "https://sijaksa.online/backend/web/index.php?r=site%2Flogin" "Mozilla/5.0 (Linux; Android 9; CPH1923) AppleWebKit/537.36 (KHTML, like Gecko) Chrome/80.0.3987.162 Mobile Safari/537.36"
115.178.252.158 - - [12/Apr/2020:02:37:26 +0000] "GET /favicon.ico HTTP/1.1" 404 425 "https://sijaksa.online/backend/web/index.php?r=site%2Flogin" "Mozilla/5.0 (Linux; Android 9; CPH1923) AppleWebKit/537.36 (KHTML, like Gecko) Chrome/80.0.3987.162 Mobile Safari/537.36"
115.178.252.158 - - [12/Apr/2020:02:37:47 +0000] "-" 408 527 "-" "-"
66.249.79.131 - - [12/Apr/2020:02:45:50 +0000] "GET /robots.txt HTTP/1.1" 404 404 "-" "Mozilla/5.0 (compatible; Googlebot/2.1; +http://www.google.com/bot.html)"
66.249.79.131 - - [12/Apr/2020:02:45:50 +0000] "GET / HTTP/1.1" 302 252 "-" "Mozilla/5.0 (Linux; Android 6.0.1; Nexus 5X Build/MMB29P) AppleWebKit/537.36 (KHTML, like Gecko) Chrome/41.0.2272.96 Mobile Safari/537.36 (compatible; Googlebot/2.1; +http://www.google.com/bot.html)"
66.249.79.140 - - [12/Apr/2020:02:45:51 +0000] "GET /robots.txt HTTP/1.1" 404 2987 "-" "Mozilla/5.0 (compatible; Googlebot/2.1; +http://www.google.com/bot.html)"
66.249.79.138 - - [12/Apr/2020:02:45:52 +0000] "GET /backend/web/index.php HTTP/1.1" 302 3036 "-" "Mozilla/5.0 (Linux; Android 6.0.1; Nexus 5X Build/MMB29P) AppleWebKit/537.36 (KHTML, like Gecko) Chrome/41.0.2272.96 Mobile Safari/537.36 (compatible; Googlebot/2.1; +http://www.google.com/bot.html)"
66.249.79.138 - - [12/Apr/2020:02:45:52 +0000] "GET /backend/web/index.php?r=site%2Flogin HTTP/1.1" 200 1997 "-" "Mozilla/5.0 (Linux; Android 6.0.1; Nexus 5X Build/MMB29P) AppleWebKit/537.36 (KHTML, like Gecko) Chrome/41.0.2272.96 Mobile Safari/537.36 (compatible; Googlebot/2.1; +http://www.google.com/bot.html)"
66.249.79.138 - - [12/Apr/2020:02:45:56 +0000] "GET /backend/web/assets/85bf6b02/css/skins/_all-skins.min.css HTTP/1.1" 200 3752 "https://sijaksa.online/backend/web/index.php?r=site%2Flogin" "Mozilla/5.0 (Linux; Android 6.0.1; Nexus 5X Build/MMB29P) AppleWebKit/537.36 (KHTML, like Gecko) Chrome/80.0.3987.92 Mobile Safari/537.36 (compatible; Googlebot/2.1; +http://www.google.com/bot.html)"
66.249.79.138 - - [12/Apr/2020:02:45:56 +0000] "GET /backend/web/assets/f160c41/jquery.js HTTP/1.1" 200 81706 "https://sijaksa.online/backend/web/index.php?r=site%2Flogin" "Mozilla/5.0 (Linux; Android 6.0.1; Nexus 5X Build/MMB29P) AppleWebKit/537.36 (KHTML, like Gecko) Chrome/80.0.3987.92 Mobile Safari/537.36 (compatible; Googlebot/2.1; +http://www.google.com/bot.html)"
66.249.79.138 - - [12/Apr/2020:02:45:56 +0000] "GET /backend/web/assets/85bf6b02/js/adminlte.min.js HTTP/1.1" 200 4058 "https://sijaksa.online/backend/web/index.php?r=site%2Flogin" "Mozilla/5.0 (Linux; Android 6.0.1; Nexus 5X Build/MMB29P) AppleWebKit/537.36 (KHTML, like Gecko) Chrome/80.0.3987.92 Mobile Safari/537.36 (compatible; Googlebot/2.1; +http://www.google.com/bot.html)"
66.249.79.138 - - [12/Apr/2020:02:45:57 +0000] "GET /backend/web/assets/8de9f4ee/js/bootstrap.js HTTP/1.1" 200 16562 "https://sijaksa.online/backend/web/index.php?r=site%2Flogin" "Mozilla/5.0 (Linux; Android 6.0.1; Nexus 5X Build/MMB29P) AppleWebKit/537.36 (KHTML, like Gecko) Chrome/80.0.3987.92 Mobile Safari/537.36 (compatible; Googlebot/2.1; +http://www.google.com/bot.html)"
66.249.79.138 - - [12/Apr/2020:02:45:57 +0000] "GET /backend/web/assets/8de9f4ee/css/bootstrap.css HTTP/1.1" 200 21722 "https://sijaksa.online/backend/web/index.php?r=site%2Flogin" "Mozilla/5.0 (Linux; Android 6.0.1; Nexus 5X Build/MMB29P) AppleWebKit/537.36 (KHTML, like Gecko) Chrome/80.0.3987.92 Mobile Safari/537.36 (compatible; Googlebot/2.1; +http://www.google.com/bot.html)"
66.249.79.140 - - [12/Apr/2020:02:45:58 +0000] "GET /backend/web/assets/a489020/yii.js HTTP/1.1" 200 8772 "https://sijaksa.online/backend/web/index.php?r=site%2Flogin" "Mozilla/5.0 (Linux; Android 6.0.1; Nexus 5X Build/MMB29P) AppleWebKit/537.36 (KHTML, like Gecko) Chrome/80.0.3987.92 Mobile Safari/537.36 (compatible; Googlebot/2.1; +http://www.google.com/bot.html)"
66.249.79.140 - - [12/Apr/2020:02:45:58 +0000] "GET /backend/web/assets/85bf6b02/css/AdminLTE.min.css HTTP/1.1" 200 15428 "https://sijaksa.online/backend/web/index.php?r=site%2Flogin" "Mozilla/5.0 (Linux; Android 6.0.1; Nexus 5X Build/MMB29P) AppleWebKit/537.36 (KHTML, like Gecko) Chrome/80.0.3987.92 Mobile Safari/537.36 (compatible; Googlebot/2.1; +http://www.google.com/bot.html)"
66.249.79.138 - - [12/Apr/2020:02:45:59 +0000] "GET /backend/web/assets/692ee2d4/css/font-awesome.min.css HTTP/1.1" 200 7447 "https://sijaksa.online/backend/web/index.php?r=site%2Flogin" "Mozilla/5.0 (Linux; Android 6.0.1; Nexus 5X Build/MMB29P) AppleWebKit/537.36 (KHTML, like Gecko) Chrome/80.0.3987.92 Mobile Safari/537.36 (compatible; Googlebot/2.1; +http://www.google.com/bot.html)"
112.78.178.122 - - [12/Apr/2020:03:48:55 +0000] "GET / HTTP/1.1" 302 2883 "-" "Mozilla/5.0 (Windows NT 10.0; Win64; x64) AppleWebKit/537.36 (KHTML, like Gecko) Chrome/80.0.3987.163 Safari/537.36"
112.78.178.122 - - [12/Apr/2020:03:48:55 +0000] "GET /backend/web/index.php HTTP/1.1" 302 474 "-" "Mozilla/5.0 (Windows NT 10.0; Win64; x64) AppleWebKit/537.36 (KHTML, like Gecko) Chrome/80.0.3987.163 Safari/537.36"
112.78.178.122 - - [12/Apr/2020:03:48:56 +0000] "GET /backend/web/index.php?r=site%2Flogin HTTP/1.1" 200 2000 "-" "Mozilla/5.0 (Windows NT 10.0; Win64; x64) AppleWebKit/537.36 (KHTML, like Gecko) Chrome/80.0.3987.163 Safari/537.36"
112.78.178.122 - - [12/Apr/2020:03:48:57 +0000] "GET /backend/web/assets/692ee2d4/css/font-awesome.min.css HTTP/1.1" 200 7447 "https://sijaksa.online/backend/web/index.php?r=site%2Flogin" "Mozilla/5.0 (Windows NT 10.0; Win64; x64) AppleWebKit/537.36 (KHTML, like Gecko) Chrome/80.0.3987.163 Safari/537.36"
112.78.178.122 - - [12/Apr/2020:03:48:57 +0000] "GET /backend/web/assets/8de9f4ee/css/bootstrap.css HTTP/1.1" 200 24331 "https://sijaksa.online/backend/web/index.php?r=site%2Flogin" "Mozilla/5.0 (Windows NT 10.0; Win64; x64) AppleWebKit/537.36 (KHTML, like Gecko) Chrome/80.0.3987.163 Safari/537.36"
112.78.178.122 - - [12/Apr/2020:03:48:58 +0000] "GET /backend/web/assets/85bf6b02/css/AdminLTE.min.css HTTP/1.1" 200 15428 "https://sijaksa.online/backend/web/index.php?r=site%2Flogin" "Mozilla/5.0 (Windows NT 10.0; Win64; x64) AppleWebKit/537.36 (KHTML, like Gecko) Chrome/80.0.3987.163 Safari/537.36"
112.78.178.122 - - [12/Apr/2020:03:48:58 +0000] "GET /backend/web/assets/85bf6b02/css/skins/_all-skins.min.css HTTP/1.1" 200 3752 "https://sijaksa.online/backend/web/index.php?r=site%2Flogin" "Mozilla/5.0 (Windows NT 10.0; Win64; x64) AppleWebKit/537.36 (KHTML, like Gecko) Chrome/80.0.3987.163 Safari/537.36"
112.78.178.122 - - [12/Apr/2020:03:48:58 +0000] "GET /backend/web/assets/a489020/yii.js HTTP/1.1" 200 6738 "https://sijaksa.online/backend/web/index.php?r=site%2Flogin" "Mozilla/5.0 (Windows NT 10.0; Win64; x64) AppleWebKit/537.36 (KHTML, like Gecko) Chrome/80.0.3987.163 Safari/537.36"
112.78.178.122 - - [12/Apr/2020:03:48:58 +0000] "GET /backend/web/assets/a489020/yii.activeForm.js HTTP/1.1" 200 10036 "https://sijaksa.online/backend/web/index.php?r=site%2Flogin" "Mozilla/5.0 (Windows NT 10.0; Win64; x64) AppleWebKit/537.36 (KHTML, like Gecko) Chrome/80.0.3987.163 Safari/537.36"
112.78.178.122 - - [12/Apr/2020:03:48:58 +0000] "GET /backend/web/assets/8de9f4ee/js/bootstrap.js HTTP/1.1" 200 16562 "https://sijaksa.online/backend/web/index.php?r=site%2Flogin" "Mozilla/5.0 (Windows NT 10.0; Win64; x64) AppleWebKit/537.36 (KHTML, like Gecko) Chrome/80.0.3987.163 Safari/537.36"
112.78.178.122 - - [12/Apr/2020:03:48:58 +0000] "GET /backend/web/assets/85bf6b02/js/adminlte.min.js HTTP/1.1" 200 4058 "https://sijaksa.online/backend/web/index.php?r=site%2Flogin" "Mozilla/5.0 (Windows NT 10.0; Win64; x64) AppleWebKit/537.36 (KHTML, like Gecko) Chrome/80.0.3987.163 Safari/537.36"
112.78.178.122 - - [12/Apr/2020:03:48:58 +0000] "GET /backend/web/images/kartun.gif HTTP/1.1" 200 189199 "https://sijaksa.online/backend/web/index.php?r=site%2Flogin" "Mozilla/5.0 (Windows NT 10.0; Win64; x64) AppleWebKit/537.36 (KHTML, like Gecko) Chrome/80.0.3987.163 Safari/537.36"
112.78.178.122 - - [12/Apr/2020:03:48:58 +0000] "GET /backend/web/assets/f160c41/jquery.js HTTP/1.1" 200 82234 "https://sijaksa.online/backend/web/index.php?r=site%2Flogin" "Mozilla/5.0 (Windows NT 10.0; Win64; x64) AppleWebKit/537.36 (KHTML, like Gecko) Chrome/80.0.3987.163 Safari/537.36"
112.78.178.122 - - [12/Apr/2020:03:48:59 +0000] "GET /backend/web/assets/8de9f4ee/fonts/glyphicons-halflings-regular.woff2 HTTP/1.1" 200 18373 "https://sijaksa.online/backend/web/assets/8de9f4ee/css/bootstrap.css" "Mozilla/5.0 (Windows NT 10.0; Win64; x64) AppleWebKit/537.36 (KHTML, like Gecko) Chrome/80.0.3987.163 Safari/537.36"
112.78.178.122 - - [12/Apr/2020:03:48:58 +0000] "GET /backend/web/images/desa.jpg HTTP/1.1" 200 158329 "https://sijaksa.online/backend/web/assets/85bf6b02/css/AdminLTE.min.css" "Mozilla/5.0 (Windows NT 10.0; Win64; x64) AppleWebKit/537.36 (KHTML, like Gecko) Chrome/80.0.3987.163 Safari/537.36"
112.78.178.122 - - [12/Apr/2020:03:49:02 +0000] "GET /favicon.ico HTTP/1.1" 404 425 "https://sijaksa.online/backend/web/index.php?r=site%2Flogin" "Mozilla/5.0 (Windows NT 10.0; Win64; x64) AppleWebKit/537.36 (KHTML, like Gecko) Chrome/80.0.3987.163 Safari/537.36"
112.78.178.122 - - [12/Apr/2020:04:02:02 +0000] "GET / HTTP/1.1" 302 2883 "-" "Mozilla/5.0 (Windows NT 10.0; Win64; x64) AppleWebKit/537.36 (KHTML, like Gecko) Chrome/80.0.3987.163 Safari/537.36"
112.78.178.122 - - [12/Apr/2020:04:02:02 +0000] "GET /backend/web/index.php HTTP/1.1" 302 474 "-" "Mozilla/5.0 (Windows NT 10.0; Win64; x64) AppleWebKit/537.36 (KHTML, like Gecko) Chrome/80.0.3987.163 Safari/537.36"
112.78.178.122 - - [12/Apr/2020:04:02:02 +0000] "GET /backend/web/index.php?r=site%2Flogin HTTP/1.1" 200 1998 "-" "Mozilla/5.0 (Windows NT 10.0; Win64; x64) AppleWebKit/537.36 (KHTML, like Gecko) Chrome/80.0.3987.163 Safari/537.36"
112.78.178.122 - - [12/Apr/2020:04:02:03 +0000] "GET /favicon.ico HTTP/1.1" 404 425 "https://sijaksa.online/backend/web/index.php?r=site%2Flogin" "Mozilla/5.0 (Windows NT 10.0; Win64; x64) AppleWebKit/537.36 (KHTML, like Gecko) Chrome/80.0.3987.163 Safari/537.36"
64.233.172.18 - - [12/Apr/2020:04:56:28 +0000] "GET /backend/web/index.php?r=site/login HTTP/1.1" 200 4658 "-" "Mozilla/5.0 (X11; Linux x86_64) AppleWebKit/537.36 (KHTML, like Gecko) Chrome/49.0.2623.75 Safari/537.36 Google Favicon"
64.233.172.18 - - [12/Apr/2020:04:56:28 +0000] "GET /favicon.ico HTTP/1.1" 404 425 "-" "Mozilla/5.0 (X11; Linux x86_64) AppleWebKit/537.36 (KHTML, like Gecko) Chrome/49.0.2623.75 Safari/537.36 Google Favicon"
74.82.47.2 - - [12/Apr/2020:05:13:44 +0000] "GET / HTTP/1.1" 302 2208 "-" "-"
64.233.172.20 - - [12/Apr/2020:06:17:14 +0000] "GET /favicon.ico HTTP/1.1" 404 2987 "-" "Mozilla/5.0 (X11; Linux x86_64) AppleWebKit/537.36 (KHTML, like Gecko) Chrome/49.0.2623.75 Safari/537.36 Google Favicon"
36.72.217.114 - - [12/Apr/2020:07:10:44 +0000] "-" 408 2183 "-" "-"
36.72.217.10 - - [12/Apr/2020:07:10:44 +0000] "-" 408 2183 "-" "-"
64.233.172.20 - - [12/Apr/2020:07:42:43 +0000] "GET /favicon.ico HTTP/1.1" 404 2987 "-" "Mozilla/5.0 (X11; Linux x86_64) AppleWebKit/537.36 (KHTML, like Gecko) Chrome/49.0.2623.75 Safari/537.36 Google Favicon"
169.197.108.6 - - [12/Apr/2020:07:44:25 +0000] "GET / HTTP/1.1" 302 2208 "-" "Mozilla/5.0 (Windows NT 10.0; Win64; x64) AppleWebKit/537.36 (KHTML, like Gecko) Chrome/60.0.3112.113 Safari/537.36"
169.197.108.6 - - [12/Apr/2020:07:44:26 +0000] "GET /backend/web/index.php HTTP/1.1" 302 2412 "https://157.230.46.176/" "Mozilla/5.0 (Windows NT 10.0; Win64; x64) AppleWebKit/537.36 (KHTML, like Gecko) Chrome/60.0.3112.113 Safari/537.36"
169.197.108.6 - - [12/Apr/2020:07:44:27 +0000] "GET /backend/web/index.php?r=site%2Flogin HTTP/1.1" 200 2030 "https://sijaksa.online/backend/web/index.php" "Mozilla/5.0 (Windows NT 10.0; Win64; x64) AppleWebKit/537.36 (KHTML, like Gecko) Chrome/60.0.3112.113 Safari/537.36"
66.249.79.140 - - [12/Apr/2020:08:34:23 +0000] "GET / HTTP/1.1" 302 2836 "-" "Mozilla/5.0 (Linux; Android 6.0.1; Nexus 5X Build/MMB29P) AppleWebKit/537.36 (KHTML, like Gecko) Chrome/41.0.2272.96 Mobile Safari/537.36 (compatible; Googlebot/2.1; +http://www.google.com/bot.html)"
66.249.79.142 - - [12/Apr/2020:08:34:24 +0000] "GET / HTTP/1.1" 302 2836 "-" "Mozilla/5.0 (Linux; Android 6.0.1; Nexus 5X Build/MMB29P) AppleWebKit/537.36 (KHTML, like Gecko) Chrome/41.0.2272.96 Mobile Safari/537.36 (compatible; Googlebot/2.1; +http://www.google.com/bot.html)"
66.249.79.138 - - [12/Apr/2020:08:34:24 +0000] "GET /backend/web/index.php HTTP/1.1" 302 3036 "-" "Mozilla/5.0 (Linux; Android 6.0.1; Nexus 5X Build/MMB29P) AppleWebKit/537.36 (KHTML, like Gecko) Chrome/41.0.2272.96 Mobile Safari/537.36 (compatible; Googlebot/2.1; +http://www.google.com/bot.html)"
66.249.79.142 - - [12/Apr/2020:08:34:25 +0000] "GET /backend/web/index.php?r=site%2Flogin HTTP/1.1" 200 2003 "-" "Mozilla/5.0 (Linux; Android 6.0.1; Nexus 5X Build/MMB29P) AppleWebKit/537.36 (KHTML, like Gecko) Chrome/41.0.2272.96 Mobile Safari/537.36 (compatible; Googlebot/2.1; +http://www.google.com/bot.html)"
62.210.10.77 - - [12/Apr/2020:08:35:37 +0000] "GET / HTTP/1.1" 302 197 "-" "Mozilla/5.0 (X11; Ubuntu; Linux x86_64; rv:58.0) Gecko/20100101 Firefox/58.0"
195.154.63.222 - - [12/Apr/2020:08:35:38 +0000] "GET /backend/web/index.php HTTP/1.1" 302 3028 "-" "Mozilla/5.0 (X11; Ubuntu; Linux x86_64; rv:58.0) Gecko/20100101 Firefox/58.0"
62.210.5.253 - - [12/Apr/2020:08:35:38 +0000] "GET / HTTP/1.1" 302 2828 "-" "Mozilla/5.0 (X11; Ubuntu; Linux x86_64; rv:58.0) Gecko/20100101 Firefox/58.0"
195.154.62.232 - - [12/Apr/2020:08:35:38 +0000] "GET /backend/web/index.php HTTP/1.1" 302 3028 "-" "Mozilla/5.0 (X11; Ubuntu; Linux x86_64; rv:58.0) Gecko/20100101 Firefox/58.0"
188.163.104.69 - - [12/Apr/2020:09:23:28 +0000] "GET / HTTP/1.1" 302 253 "http://sijaksa.online" "Mozilla/5.0 (Windows NT 6.1; WOW64) AppleWebKit/537.36 (KHTML, like Gecko) Chrome/31.0.1650.57 Safari/537.36"
66.249.79.142 - - [12/Apr/2020:09:55:03 +0000] "GET / HTTP/1.1" 302 2836 "-" "Mozilla/5.0 (compatible; Googlebot/2.1; +http://www.google.com/bot.html)"
66.249.79.140 - - [12/Apr/2020:09:55:04 +0000] "GET /backend/web/index.php HTTP/1.1" 302 3036 "-" "Mozilla/5.0 (compatible; Googlebot/2.1; +http://www.google.com/bot.html)"
66.249.79.142 - - [12/Apr/2020:09:55:04 +0000] "GET /backend/web/index.php?r=site%2Flogin HTTP/1.1" 200 1993 "-" "Mozilla/5.0 (compatible; Googlebot/2.1; +http://www.google.com/bot.html)"
44.234.59.175 - - [12/Apr/2020:10:15:05 +0000] "GET / HTTP/1.1" 302 2780 "-" "Go-http-client/1.1"
44.234.59.175 - - [12/Apr/2020:10:15:05 +0000] "GET /backend/web/index.php HTTP/1.1" 302 419 "-" "Go-http-client/1.1"
44.234.59.175 - - [12/Apr/2020:10:15:06 +0000] "GET /backend/web/index.php?r=site%2Flogin HTTP/1.1" 200 2021 "-" "Go-http-client/1.1"
64.233.172.22 - - [12/Apr/2020:11:16:36 +0000] "GET /backend/web/index.php?r=dashboard-desa HTTP/1.1" 200 7019 "-" "Mozilla/5.0 (X11; Linux x86_64) AppleWebKit/537.36 (KHTML, like Gecko) Chrome/49.0.2623.75 Safari/537.36 Google Favicon"
66.249.79.129 - - [12/Apr/2020:12:05:13 +0000] "GET / HTTP/1.1" 302 253 "-" "Mozilla/5.0 (Linux; Android 6.0.1; Nexus 5X Build/MMB29P) AppleWebKit/537.36 (KHTML, like Gecko) Chrome/41.0.2272.96 Mobile Safari/537.36 (compatible; Googlebot/2.1; +http://www.google.com/bot.html)"
64.233.172.22 - - [12/Apr/2020:12:23:57 +0000] "GET /favicon.ico HTTP/1.1" 404 2987 "-" "Mozilla/5.0 (X11; Linux x86_64) AppleWebKit/537.36 (KHTML, like Gecko) Chrome/49.0.2623.75 Safari/537.36 Google Favicon"
64.233.172.18 - - [12/Apr/2020:13:39:06 +0000] "GET /favicon.ico HTTP/1.1" 404 2987 "-" "Mozilla/5.0 (X11; Linux x86_64) AppleWebKit/537.36 (KHTML, like Gecko) Chrome/49.0.2623.75 Safari/537.36 Google Favicon"
64.233.172.18 - - [12/Apr/2020:15:23:57 +0000] "GET /favicon.ico HTTP/1.1" 404 2987 "-" "Mozilla/5.0 (X11; Linux x86_64) AppleWebKit/537.36 (KHTML, like Gecko) Chrome/49.0.2623.75 Safari/537.36 Google Favicon"
49.12.40.26 - - [12/Apr/2020:16:03:44 +0000] "HEAD / HTTP/1.1" 302 234 "-" "-"
157.55.39.50 - - [12/Apr/2020:16:18:00 +0000] "GET /backend/web/assets/a489020/yii.js HTTP/1.1" 200 6145 "-" "Mozilla/5.0 (compatible; MSIE 9.0; Windows NT 6.1; Trident/5.0)"
157.55.39.50 - - [12/Apr/2020:16:18:21 +0000] "GET /backend/web/assets/8de9f4ee/js/bootstrap.js HTTP/1.1" 200 16475 "-" "Mozilla/5.0 (compatible; MSIE 9.0; Windows NT 6.1; Trident/5.0)"
64.233.172.20 - - [12/Apr/2020:16:25:11 +0000] "GET /favicon.ico HTTP/1.1" 404 2987 "-" "Mozilla/5.0 (X11; Linux x86_64) AppleWebKit/537.36 (KHTML, like Gecko) Chrome/49.0.2623.75 Safari/537.36 Google Favicon"
64.233.172.20 - - [12/Apr/2020:16:55:25 +0000] "GET / HTTP/1.1" 302 2836 "-" "Mozilla/5.0 (X11; Linux x86_64) AppleWebKit/537.36 (KHTML, like Gecko) Chrome/49.0.2623.75 Safari/537.36 Google Favicon"
64.233.172.18 - - [12/Apr/2020:16:55:26 +0000] "GET /backend/web/index.php HTTP/1.1" 302 3036 "-" "Mozilla/5.0 (X11; Linux x86_64) AppleWebKit/537.36 (KHTML, like Gecko) Chrome/49.0.2623.75 Safari/537.36 Google Favicon"
64.233.172.22 - - [12/Apr/2020:16:55:26 +0000] "GET /backend/web/index.php?r=site%2Flogin HTTP/1.1" 200 4658 "-" "Mozilla/5.0 (X11; Linux x86_64) AppleWebKit/537.36 (KHTML, like Gecko) Chrome/49.0.2623.75 Safari/537.36 Google Favicon"
66.249.75.54 - - [12/Apr/2020:17:47:14 +0000] "GET /robots.txt HTTP/1.1" 404 2987 "-" "Mozilla/5.0 (compatible; Googlebot/2.1; +http://www.google.com/bot.html)"
66.249.75.52 - - [12/Apr/2020:17:47:15 +0000] "GET / HTTP/1.1" 302 2836 "-" "Mozilla/5.0 (Linux; Android 6.0.1; Nexus 5X Build/MMB29P) AppleWebKit/537.36 (KHTML, like Gecko) Chrome/41.0.2272.96 Mobile Safari/537.36 (compatible; Googlebot/2.1; +http://www.google.com/bot.html)"
66.249.75.50 - - [12/Apr/2020:17:47:16 +0000] "GET /backend/web/index.php HTTP/1.1" 302 3036 "-" "Mozilla/5.0 (Linux; Android 6.0.1; Nexus 5X Build/MMB29P) AppleWebKit/537.36 (KHTML, like Gecko) Chrome/41.0.2272.96 Mobile Safari/537.36 (compatible; Googlebot/2.1; +http://www.google.com/bot.html)"
66.249.75.52 - - [12/Apr/2020:17:47:16 +0000] "GET /backend/web/index.php?r=site%2Flogin HTTP/1.1" 200 2000 "-" "Mozilla/5.0 (Linux; Android 6.0.1; Nexus 5X Build/MMB29P) AppleWebKit/537.36 (KHTML, like Gecko) Chrome/41.0.2272.96 Mobile Safari/537.36 (compatible; Googlebot/2.1; +http://www.google.com/bot.html)"
64.233.172.22 - - [12/Apr/2020:17:51:18 +0000] "GET /backend/web/index.php?r=site/login HTTP/1.1" 200 4656 "-" "Mozilla/5.0 (X11; Linux x86_64) AppleWebKit/537.36 (KHTML, like Gecko) Chrome/49.0.2623.75 Safari/537.36 Google Favicon"
64.233.172.22 - - [12/Apr/2020:17:51:18 +0000] "GET /favicon.ico HTTP/1.1" 404 425 "-" "Mozilla/5.0 (X11; Linux x86_64) AppleWebKit/537.36 (KHTML, like Gecko) Chrome/49.0.2623.75 Safari/537.36 Google Favicon"
66.249.75.52 - - [12/Apr/2020:18:17:30 +0000] "GET / HTTP/1.1" 302 2836 "-" "Mozilla/5.0 (compatible; Googlebot/2.1; +http://www.google.com/bot.html)"
66.249.75.50 - - [12/Apr/2020:18:17:31 +0000] "GET /backend/web/index.php HTTP/1.1" 302 3036 "-" "Mozilla/5.0 (compatible; Googlebot/2.1; +http://www.google.com/bot.html)"
66.249.75.54 - - [12/Apr/2020:18:17:32 +0000] "GET /backend/web/index.php?r=site%2Flogin HTTP/1.1" 200 4563 "-" "Mozilla/5.0 (compatible; Googlebot/2.1; +http://www.google.com/bot.html)"
85.204.246.193 - - [12/Apr/2020:18:42:17 +0000] "GET / HTTP/1.0" 302 2888 "-" "-"
66.96.224.196 - - [12/Apr/2020:19:35:02 +0000] "GET / HTTP/1.1" 302 2799 "https://www.google.com/" "Mozilla/5.0 (Windows NT 10.0; Win64; x64) AppleWebKit/537.36 (KHTML, like Gecko) Chrome/80.0.3987.149 Safari/537.36"
66.96.224.196 - - [12/Apr/2020:19:35:03 +0000] "GET /backend/web/index.php HTTP/1.1" 302 2999 "https://www.google.com/" "Mozilla/5.0 (Windows NT 10.0; Win64; x64) AppleWebKit/537.36 (KHTML, like Gecko) Chrome/80.0.3987.149 Safari/537.36"
66.96.224.196 - - [12/Apr/2020:19:35:05 +0000] "GET /backend/web/index.php?r=site%2Flogin HTTP/1.1" 200 4525 "https://www.google.com/" "Mozilla/5.0 (Windows NT 10.0; Win64; x64) AppleWebKit/537.36 (KHTML, like Gecko) Chrome/80.0.3987.149 Safari/537.36"
66.96.224.196 - - [12/Apr/2020:19:35:06 +0000] "GET /backend/web/assets/a489020/yii.activeForm.js HTTP/1.1" 200 9952 "https://sijaksa.online/backend/web/index.php?r=site%2Flogin" "Mozilla/5.0 (Windows NT 10.0; Win64; x64) AppleWebKit/537.36 (KHTML, like Gecko) Chrome/80.0.3987.149 Safari/537.36"
66.96.224.196 - - [12/Apr/2020:19:35:06 +0000] "GET /backend/web/assets/a489020/yii.js HTTP/1.1" 200 8735 "https://sijaksa.online/backend/web/index.php?r=site%2Flogin" "Mozilla/5.0 (Windows NT 10.0; Win64; x64) AppleWebKit/537.36 (KHTML, like Gecko) Chrome/80.0.3987.149 Safari/537.36"
66.96.224.196 - - [12/Apr/2020:19:35:06 +0000] "GET /backend/web/assets/8de9f4ee/css/bootstrap.css HTTP/1.1" 200 24247 "https://sijaksa.online/backend/web/index.php?r=site%2Flogin" "Mozilla/5.0 (Windows NT 10.0; Win64; x64) AppleWebKit/537.36 (KHTML, like Gecko) Chrome/80.0.3987.149 Safari/537.36"
66.96.224.196 - - [12/Apr/2020:19:35:06 +0000] "GET /backend/web/assets/85bf6b02/css/AdminLTE.min.css HTTP/1.1" 200 17953 "https://sijaksa.online/backend/web/index.php?r=site%2Flogin" "Mozilla/5.0 (Windows NT 10.0; Win64; x64) AppleWebKit/537.36 (KHTML, like Gecko) Chrome/80.0.3987.149 Safari/537.36"
66.96.224.196 - - [12/Apr/2020:19:35:06 +0000] "GET /backend/web/assets/85bf6b02/js/adminlte.min.js HTTP/1.1" 200 6583 "https://sijaksa.online/backend/web/index.php?r=site%2Flogin" "Mozilla/5.0 (Windows NT 10.0; Win64; x64) AppleWebKit/537.36 (KHTML, like Gecko) Chrome/80.0.3987.149 Safari/537.36"
66.96.224.196 - - [12/Apr/2020:19:35:06 +0000] "GET /backend/web/images/kartun.gif HTTP/1.1" 200 189115 "https://sijaksa.online/backend/web/index.php?r=site%2Flogin" "Mozilla/5.0 (Windows NT 10.0; Win64; x64) AppleWebKit/537.36 (KHTML, like Gecko) Chrome/80.0.3987.149 Safari/537.36"
66.96.224.196 - - [12/Apr/2020:19:35:06 +0000] "GET /backend/web/assets/8de9f4ee/js/bootstrap.js HTTP/1.1" 200 19087 "https://sijaksa.online/backend/web/index.php?r=site%2Flogin" "Mozilla/5.0 (Windows NT 10.0; Win64; x64) AppleWebKit/537.36 (KHTML, like Gecko) Chrome/80.0.3987.149 Safari/537.36"
66.96.224.196 - - [12/Apr/2020:19:35:06 +0000] "GET /backend/web/assets/692ee2d4/css/font-awesome.min.css HTTP/1.1" 200 9972 "https://sijaksa.online/backend/web/index.php?r=site%2Flogin" "Mozilla/5.0 (Windows NT 10.0; Win64; x64) AppleWebKit/537.36 (KHTML, like Gecko) Chrome/80.0.3987.149 Safari/537.36"
66.96.224.196 - - [12/Apr/2020:19:35:06 +0000] "GET /backend/web/assets/85bf6b02/css/skins/_all-skins.min.css HTTP/1.1" 200 6277 "https://sijaksa.online/backend/web/index.php?r=site%2Flogin" "Mozilla/5.0 (Windows NT 10.0; Win64; x64) AppleWebKit/537.36 (KHTML, like Gecko) Chrome/80.0.3987.149 Safari/537.36"
66.96.224.196 - - [12/Apr/2020:19:35:06 +0000] "GET /backend/web/assets/f160c41/jquery.js HTTP/1.1" 200 84231 "https://sijaksa.online/backend/web/index.php?r=site%2Flogin" "Mozilla/5.0 (Windows NT 10.0; Win64; x64) AppleWebKit/537.36 (KHTML, like Gecko) Chrome/80.0.3987.149 Safari/537.36"
66.96.224.196 - - [12/Apr/2020:19:35:07 +0000] "GET /backend/web/images/desa.jpg HTTP/1.1" 200 160854 "https://sijaksa.online/backend/web/assets/85bf6b02/css/AdminLTE.min.css" "Mozilla/5.0 (Windows NT 10.0; Win64; x64) AppleWebKit/537.36 (KHTML, like Gecko) Chrome/80.0.3987.149 Safari/537.36"
66.96.224.196 - - [12/Apr/2020:19:35:08 +0000] "GET /backend/web/assets/8de9f4ee/fonts/glyphicons-halflings-regular.woff2 HTTP/1.1" 200 20898 "https://sijaksa.online/backend/web/assets/8de9f4ee/css/bootstrap.css" "Mozilla/5.0 (Windows NT 10.0; Win64; x64) AppleWebKit/537.36 (KHTML, like Gecko) Chrome/80.0.3987.149 Safari/537.36"
85.204.246.193 - - [12/Apr/2020:19:41:15 +0000] "GET / HTTP/1.0" 400 0 "-" "-"
85.204.246.193 - - [12/Apr/2020:19:41:41 +0000] "GET / HTTP/1.1" 302 2848 "-" "python-requests/2.22.0"
85.204.246.193 - - [12/Apr/2020:19:42:50 +0000] "GET /backend/web/index.php HTTP/1.1" 302 3084 "-" "python-requests/2.22.0"
85.204.246.193 - - [12/Apr/2020:19:44:05 +0000] "GET /backend/web/index.php?r=site%2Flogin HTTP/1.1" 200 4611 "-" "python-requests/2.22.0"
162.243.131.190 - - [12/Apr/2020:21:39:52 +0000] "GET / HTTP/1.1" 302 2208 "-" "Mozilla/5.0 zgrab/0.x"
52.211.58.58 - - [12/Apr/2020:23:12:24 +0000] "HEAD /ads.txt HTTP/1.1" 404 187 "-" "TprAdsTxtCrawler/1.0"
52.211.58.58 - - [12/Apr/2020:23:12:24 +0000] "HEAD /app-ads.txt HTTP/1.1" 404 187 "-" "TprAdsTxtCrawler/1.0"
35.197.17.189 - - [13/Apr/2020:00:21:57 +0000] "OPTIONS / HTTP/1.0" 302 2406 "-" "-"
64.233.172.18 - - [13/Apr/2020:01:57:22 +0000] "GET /favicon.ico HTTP/1.1" 404 2987 "-" "Mozilla/5.0 (X11; Linux x86_64) AppleWebKit/537.36 (KHTML, like Gecko) Chrome/49.0.2623.75 Safari/537.36 Google Favicon"
36.80.206.7 - - [13/Apr/2020:01:59:43 +0000] "GET /backend/web/index.php?r=site%2Flogin HTTP/1.1" 200 4702 "-" "Mozilla/5.0 (Windows NT 10.0; Win64; x64) AppleWebKit/537.36 (KHTML, like Gecko) Chrome/80.0.3987.163 Safari/537.36"
36.80.206.7 - - [13/Apr/2020:01:59:43 +0000] "GET /backend/web/assets/85bf6b02/css/AdminLTE.min.css HTTP/1.1" 304 2804 "https://sijaksa.online/backend/web/index.php?r=site%2Flogin" "Mozilla/5.0 (Windows NT 10.0; Win64; x64) AppleWebKit/537.36 (KHTML, like Gecko) Chrome/80.0.3987.163 Safari/537.36"
36.80.206.7 - - [13/Apr/2020:01:59:44 +0000] "GET /backend/web/assets/85bf6b02/css/skins/_all-skins.min.css HTTP/1.1" 304 194 "https://sijaksa.online/backend/web/index.php?r=site%2Flogin" "Mozilla/5.0 (Windows NT 10.0; Win64; x64) AppleWebKit/537.36 (KHTML, like Gecko) Chrome/80.0.3987.163 Safari/537.36"
36.80.206.7 - - [13/Apr/2020:01:59:44 +0000] "GET /backend/web/assets/8de9f4ee/css/bootstrap.css HTTP/1.1" 304 2804 "https://sijaksa.online/backend/web/index.php?r=site%2Flogin" "Mozilla/5.0 (Windows NT 10.0; Win64; x64) AppleWebKit/537.36 (KHTML, like Gecko) Chrome/80.0.3987.163 Safari/537.36"
36.80.206.7 - - [13/Apr/2020:01:59:44 +0000] "GET /backend/web/assets/692ee2d4/css/font-awesome.min.css HTTP/1.1" 304 194 "https://sijaksa.online/backend/web/index.php?r=site%2Flogin" "Mozilla/5.0 (Windows NT 10.0; Win64; x64) AppleWebKit/537.36 (KHTML, like Gecko) Chrome/80.0.3987.163 Safari/537.36"
36.80.206.7 - - [13/Apr/2020:01:59:44 +0000] "GET /backend/web/assets/a489020/yii.js HTTP/1.1" 200 6210 "https://sijaksa.online/backend/web/index.php?r=site%2Flogin" "Mozilla/5.0 (Windows NT 10.0; Win64; x64) AppleWebKit/537.36 (KHTML, like Gecko) Chrome/80.0.3987.163 Safari/537.36"
36.80.206.7 - - [13/Apr/2020:01:59:44 +0000] "GET /backend/web/assets/8de9f4ee/js/bootstrap.js HTTP/1.1" 200 16562 "https://sijaksa.online/backend/web/index.php?r=site%2Flogin" "Mozilla/5.0 (Windows NT 10.0; Win64; x64) AppleWebKit/537.36 (KHTML, like Gecko) Chrome/80.0.3987.163 Safari/537.36"
36.80.206.7 - - [13/Apr/2020:01:59:44 +0000] "GET /backend/web/assets/85bf6b02/js/adminlte.min.js HTTP/1.1" 200 4586 "https://sijaksa.online/backend/web/index.php?r=site%2Flogin" "Mozilla/5.0 (Windows NT 10.0; Win64; x64) AppleWebKit/537.36 (KHTML, like Gecko) Chrome/80.0.3987.163 Safari/537.36"
36.80.206.7 - - [13/Apr/2020:01:59:44 +0000] "GET /backend/web/assets/a489020/yii.activeForm.js HTTP/1.1" 304 194 "https://sijaksa.online/backend/web/index.php?r=site%2Flogin" "Mozilla/5.0 (Windows NT 10.0; Win64; x64) AppleWebKit/537.36 (KHTML, like Gecko) Chrome/80.0.3987.163 Safari/537.36"
36.80.206.7 - - [13/Apr/2020:01:59:43 +0000] "GET /backend/web/assets/f160c41/jquery.js HTTP/1.1" 200 81706 "https://sijaksa.online/backend/web/index.php?r=site%2Flogin" "Mozilla/5.0 (Windows NT 10.0; Win64; x64) AppleWebKit/537.36 (KHTML, like Gecko) Chrome/80.0.3987.163 Safari/537.36"
36.80.206.7 - - [13/Apr/2020:01:59:44 +0000] "GET /backend/web/images/desa.jpg HTTP/1.1" 200 158329 "https://sijaksa.online/backend/web/assets/85bf6b02/css/AdminLTE.min.css" "Mozilla/5.0 (Windows NT 10.0; Win64; x64) AppleWebKit/537.36 (KHTML, like Gecko) Chrome/80.0.3987.163 Safari/537.36"
36.80.206.7 - - [13/Apr/2020:01:59:44 +0000] "GET /backend/web/images/kartun.gif HTTP/1.1" 200 187118 "https://sijaksa.online/backend/web/index.php?r=site%2Flogin" "Mozilla/5.0 (Windows NT 10.0; Win64; x64) AppleWebKit/537.36 (KHTML, like Gecko) Chrome/80.0.3987.163 Safari/537.36"
36.80.206.7 - - [13/Apr/2020:01:59:51 +0000] "GET /backend/web/assets/8de9f4ee/fonts/glyphicons-halflings-regular.woff2 HTTP/1.1" 200 18373 "https://sijaksa.online/backend/web/assets/8de9f4ee/css/bootstrap.css" "Mozilla/5.0 (Windows NT 10.0; Win64; x64) AppleWebKit/537.36 (KHTML, like Gecko) Chrome/80.0.3987.163 Safari/537.36"
103.102.12.10 - - [13/Apr/2020:02:04:58 +0000] "GET / HTTP/1.1" 302 2883 "-" "Mozilla/5.0 (Windows NT 10.0; Win64; x64) AppleWebKit/537.36 (KHTML, like Gecko) Chrome/80.0.3987.163 Safari/537.36"
103.102.12.10 - - [13/Apr/2020:02:04:58 +0000] "GET /backend/web/index.php HTTP/1.1" 302 474 "-" "Mozilla/5.0 (Windows NT 10.0; Win64; x64) AppleWebKit/537.36 (KHTML, like Gecko) Chrome/80.0.3987.163 Safari/537.36"
103.102.12.10 - - [13/Apr/2020:02:04:59 +0000] "GET /backend/web/index.php?r=site%2Flogin HTTP/1.1" 200 2002 "-" "Mozilla/5.0 (Windows NT 10.0; Win64; x64) AppleWebKit/537.36 (KHTML, like Gecko) Chrome/80.0.3987.163 Safari/537.36"
103.102.12.10 - - [13/Apr/2020:02:05:06 +0000] "GET /backend/web/assets/8de9f4ee/css/bootstrap.css HTTP/1.1" 304 2804 "https://sijaksa.online/backend/web/index.php?r=site%2Flogin" "Mozilla/5.0 (Windows NT 10.0; Win64; x64) AppleWebKit/537.36 (KHTML, like Gecko) Chrome/80.0.3987.163 Safari/537.36"
103.102.12.10 - - [13/Apr/2020:02:05:06 +0000] "GET /backend/web/assets/692ee2d4/css/font-awesome.min.css HTTP/1.1" 304 2803 "https://sijaksa.online/backend/web/index.php?r=site%2Flogin" "Mozilla/5.0 (Windows NT 10.0; Win64; x64) AppleWebKit/537.36 (KHTML, like Gecko) Chrome/80.0.3987.163 Safari/537.36"
103.102.12.10 - - [13/Apr/2020:02:05:06 +0000] "GET /backend/web/assets/85bf6b02/css/AdminLTE.min.css HTTP/1.1" 304 2804 "https://sijaksa.online/backend/web/index.php?r=site%2Flogin" "Mozilla/5.0 (Windows NT 10.0; Win64; x64) AppleWebKit/537.36 (KHTML, like Gecko) Chrome/80.0.3987.163 Safari/537.36"
103.102.12.10 - - [13/Apr/2020:02:05:06 +0000] "GET /backend/web/assets/85bf6b02/css/skins/_all-skins.min.css HTTP/1.1" 304 2803 "https://sijaksa.online/backend/web/index.php?r=site%2Flogin" "Mozilla/5.0 (Windows NT 10.0; Win64; x64) AppleWebKit/537.36 (KHTML, like Gecko) Chrome/80.0.3987.163 Safari/537.36"
180.246.64.33 - - [13/Apr/2020:02:05:06 +0000] "GET /backend/web/assets/f160c41/jquery.js HTTP/1.1" 304 2804 "https://sijaksa.online/backend/web/index.php?r=site%2Flogin" "Mozilla/5.0 (Windows NT 10.0; Win64; x64) AppleWebKit/537.36 (KHTML, like Gecko) Chrome/80.0.3987.163 Safari/537.36"
103.102.12.10 - - [13/Apr/2020:02:05:06 +0000] "GET /backend/web/assets/a489020/yii.js HTTP/1.1" 304 194 "https://sijaksa.online/backend/web/index.php?r=site%2Flogin" "Mozilla/5.0 (Windows NT 10.0; Win64; x64) AppleWebKit/537.36 (KHTML, like Gecko) Chrome/80.0.3987.163 Safari/537.36"
180.246.64.33 - - [13/Apr/2020:02:05:06 +0000] "GET /backend/web/assets/a489020/yii.activeForm.js HTTP/1.1" 304 194 "https://sijaksa.online/backend/web/index.php?r=site%2Flogin" "Mozilla/5.0 (Windows NT 10.0; Win64; x64) AppleWebKit/537.36 (KHTML, like Gecko) Chrome/80.0.3987.163 Safari/537.36"
103.102.12.10 - - [13/Apr/2020:02:05:06 +0000] "GET /backend/web/assets/8de9f4ee/js/bootstrap.js HTTP/1.1" 304 195 "https://sijaksa.online/backend/web/index.php?r=site%2Flogin" "Mozilla/5.0 (Windows NT 10.0; Win64; x64) AppleWebKit/537.36 (KHTML, like Gecko) Chrome/80.0.3987.163 Safari/537.36"
103.102.12.10 - - [13/Apr/2020:02:05:06 +0000] "GET /backend/web/assets/85bf6b02/js/adminlte.min.js HTTP/1.1" 304 194 "https://sijaksa.online/backend/web/index.php?r=site%2Flogin" "Mozilla/5.0 (Windows NT 10.0; Win64; x64) AppleWebKit/537.36 (KHTML, like Gecko) Chrome/80.0.3987.163 Safari/537.36"
180.246.64.33 - - [13/Apr/2020:02:05:07 +0000] "GET /backend/web/images/desa.jpg HTTP/1.1" 304 195 "https://sijaksa.online/backend/web/assets/85bf6b02/css/AdminLTE.min.css" "Mozilla/5.0 (Windows NT 10.0; Win64; x64) AppleWebKit/537.36 (KHTML, like Gecko) Chrome/80.0.3987.163 Safari/537.36"
180.246.64.33 - - [13/Apr/2020:02:05:08 +0000] "GET /backend/web/assets/8de9f4ee/fonts/glyphicons-halflings-regular.woff2 HTTP/1.1" 304 194 "https://sijaksa.online/backend/web/assets/8de9f4ee/css/bootstrap.css" "Mozilla/5.0 (Windows NT 10.0; Win64; x64) AppleWebKit/537.36 (KHTML, like Gecko) Chrome/80.0.3987.163 Safari/537.36"
103.102.12.10 - - [13/Apr/2020:02:05:17 +0000] "POST /backend/web/index.php?r=site%2Flogin HTTP/1.1" 302 3289 "https://sijaksa.online/backend/web/index.php?r=site%2Flogin" "Mozilla/5.0 (Windows NT 10.0; Win64; x64) AppleWebKit/537.36 (KHTML, like Gecko) Chrome/80.0.3987.163 Safari/537.36"
103.102.12.10 - - [13/Apr/2020:02:05:17 +0000] "GET /backend/web/index.php HTTP/1.1" 200 5628 "https://sijaksa.online/backend/web/index.php?r=site%2Flogin" "Mozilla/5.0 (Windows NT 10.0; Win64; x64) AppleWebKit/537.36 (KHTML, like Gecko) Chrome/80.0.3987.163 Safari/537.36"
180.246.64.33 - - [13/Apr/2020:02:05:18 +0000] "GET /backend/web/css/site.css HTTP/1.1" 304 721 "https://sijaksa.online/backend/web/index.php" "Mozilla/5.0 (Windows NT 10.0; Win64; x64) AppleWebKit/537.36 (KHTML, like Gecko) Chrome/80.0.3987.163 Safari/537.36"
180.246.64.33 - - [13/Apr/2020:02:05:18 +0000] "GET /backend/web/upload/avatar5.png HTTP/1.1" 304 194 "https://sijaksa.online/backend/web/index.php" "Mozilla/5.0 (Windows NT 10.0; Win64; x64) AppleWebKit/537.36 (KHTML, like Gecko) Chrome/80.0.3987.163 Safari/537.36"
180.246.64.33 - - [13/Apr/2020:02:05:18 +0000] "GET /backend/web/assets/692ee2d4/fonts/fontawesome-webfont.woff2?v=4.7.0 HTTP/1.1" 304 195 "https://sijaksa.online/backend/web/assets/692ee2d4/css/font-awesome.min.css" "Mozilla/5.0 (Windows NT 10.0; Win64; x64) AppleWebKit/537.36 (KHTML, like Gecko) Chrome/80.0.3987.163 Safari/537.36"
103.102.12.10 - - [13/Apr/2020:02:05:18 +0000] "GET /backend/web/js/Chart.js HTTP/1.1" 200 106619 "https://sijaksa.online/backend/web/index.php" "Mozilla/5.0 (Windows NT 10.0; Win64; x64) AppleWebKit/537.36 (KHTML, like Gecko) Chrome/80.0.3987.163 Safari/537.36"
103.102.12.10 - - [13/Apr/2020:02:05:22 +0000] "GET /favicon.ico HTTP/1.1" 404 425 "https://sijaksa.online/backend/web/index.php" "Mozilla/5.0 (Windows NT 10.0; Win64; x64) AppleWebKit/537.36 (KHTML, like Gecko) Chrome/80.0.3987.163 Safari/537.36"
103.102.12.10 - - [13/Apr/2020:02:05:06 +0000] "GET /backend/web/images/kartun.gif HTTP/1.1" 200 116640 "https://sijaksa.online/backend/web/index.php?r=site%2Flogin" "Mozilla/5.0 (Windows NT 10.0; Win64; x64) AppleWebKit/537.36 (KHTML, like Gecko) Chrome/80.0.3987.163 Safari/537.36"
180.246.64.33 - - [13/Apr/2020:02:06:07 +0000] "GET /backend/web/index.php?r=dashboard-desa HTTP/1.1" 200 8366 "https://sijaksa.online/backend/web/index.php" "Mozilla/5.0 (Windows NT 10.0; Win64; x64) AppleWebKit/537.36 (KHTML, like Gecko) Chrome/80.0.3987.163 Safari/537.36"
180.246.64.33 - - [13/Apr/2020:02:07:16 +0000] "GET /backend/web/index.php?r=daftar-visi HTTP/1.1" 200 7699 "https://sijaksa.online/backend/web/index.php?r=dashboard-desa" "Mozilla/5.0 (Windows NT 10.0; Win64; x64) AppleWebKit/537.36 (KHTML, like Gecko) Chrome/80.0.3987.163 Safari/537.36"
180.246.64.33 - - [13/Apr/2020:02:07:16 +0000] "GET /backend/web/assets/e661d1c2/css/kv-grid.css HTTP/1.1" 304 194 "https://sijaksa.online/backend/web/index.php?r=daftar-visi" "Mozilla/5.0 (Windows NT 10.0; Win64; x64) AppleWebKit/537.36 (KHTML, like Gecko) Chrome/80.0.3987.163 Safari/537.36"
180.246.64.33 - - [13/Apr/2020:02:07:16 +0000] "GET /backend/web/assets/ff8cc511/css/bootstrap-dialog-bs3.css HTTP/1.1" 304 193 "https://sijaksa.online/backend/web/index.php?r=daftar-visi" "Mozilla/5.0 (Windows NT 10.0; Win64; x64) AppleWebKit/537.36 (KHTML, like Gecko) Chrome/80.0.3987.163 Safari/537.36"
103.102.12.10 - - [13/Apr/2020:02:07:16 +0000] "GET /backend/web/assets/e661d1c2/css/jquery.resizableColumns.css HTTP/1.1" 304 721 "https://sijaksa.online/backend/web/index.php?r=daftar-visi" "Mozilla/5.0 (Windows NT 10.0; Win64; x64) AppleWebKit/537.36 (KHTML, like Gecko) Chrome/80.0.3987.163 Safari/537.36"
180.246.64.33 - - [13/Apr/2020:02:07:16 +0000] "GET /backend/web/assets/ff8cc511/js/dialog-yii.js HTTP/1.1" 304 193 "https://sijaksa.online/backend/web/index.php?r=daftar-visi" "Mozilla/5.0 (Windows NT 10.0; Win64; x64) AppleWebKit/537.36 (KHTML, like Gecko) Chrome/80.0.3987.163 Safari/537.36"
180.246.64.33 - - [13/Apr/2020:02:07:16 +0000] "GET /backend/web/assets/ff8cc511/js/bootstrap-dialog.js HTTP/1.1" 304 2803 "https://sijaksa.online/backend/web/index.php?r=daftar-visi" "Mozilla/5.0 (Windows NT 10.0; Win64; x64) AppleWebKit/537.36 (KHTML, like Gecko) Chrome/80.0.3987.163 Safari/537.36"
103.102.12.10 - - [13/Apr/2020:02:07:16 +0000] "GET /backend/web/assets/ff8cc511/js/dialog.js HTTP/1.1" 304 722 "https://sijaksa.online/backend/web/index.php?r=daftar-visi" "Mozilla/5.0 (Windows NT 10.0; Win64; x64) AppleWebKit/537.36 (KHTML, like Gecko) Chrome/80.0.3987.163 Safari/537.36"
103.102.12.10 - - [13/Apr/2020:02:07:16 +0000] "GET /backend/web/assets/e661d1c2/js/kv-grid-export.js HTTP/1.1" 304 194 "https://sijaksa.online/backend/web/index.php?r=daftar-visi" "Mozilla/5.0 (Windows NT 10.0; Win64; x64) AppleWebKit/537.36 (KHTML, like Gecko) Chrome/80.0.3987.163 Safari/537.36"
180.246.64.33 - - [13/Apr/2020:02:07:16 +0000] "GET /backend/web/assets/e661d1c2/js/jquery.resizableColumns.js HTTP/1.1" 304 194 "https://sijaksa.online/backend/web/index.php?r=daftar-visi" "Mozilla/5.0 (Windows NT 10.0; Win64; x64) AppleWebKit/537.36 (KHTML, like Gecko) Chrome/80.0.3987.163 Safari/537.36"
180.246.64.33 - - [13/Apr/2020:02:07:16 +0000] "GET /backend/web/assets/a489020/yii.gridView.js HTTP/1.1" 304 194 "https://sijaksa.online/backend/web/index.php?r=daftar-visi" "Mozilla/5.0 (Windows NT 10.0; Win64; x64) AppleWebKit/537.36 (KHTML, like Gecko) Chrome/80.0.3987.163 Safari/537.36"
103.102.12.10 - - [13/Apr/2020:02:07:54 +0000] "GET /backend/web/index.php?r=dashboard-desa HTTP/1.1" 200 8369 "https://sijaksa.online/backend/web/index.php?r=daftar-visi" "Mozilla/5.0 (Windows NT 10.0; Win64; x64) AppleWebKit/537.36 (KHTML, like Gecko) Chrome/80.0.3987.163 Safari/537.36"
180.246.64.33 - - [13/Apr/2020:02:08:20 +0000] "GET /backend/web/index.php?r=isian-data-anggaran HTTP/1.1" 200 5491 "https://sijaksa.online/backend/web/index.php?r=dashboard-desa" "Mozilla/5.0 (Windows NT 10.0; Win64; x64) AppleWebKit/537.36 (KHTML, like Gecko) Chrome/80.0.3987.163 Safari/537.36"
103.102.12.10 - - [13/Apr/2020:02:08:27 +0000] "GET /backend/web/index.php?r=daftar-penganggaran-bidang-kegiatan HTTP/1.1" 200 7815 "https://sijaksa.online/backend/web/index.php?r=isian-data-anggaran" "Mozilla/5.0 (Windows NT 10.0; Win64; x64) AppleWebKit/537.36 (KHTML, like Gecko) Chrome/80.0.3987.163 Safari/537.36"
180.246.64.33 - - [13/Apr/2020:02:08:28 +0000] "GET /backend/web/assets/a87ae4a4/jquery.pjax.js HTTP/1.1" 304 2803 "https://sijaksa.online/backend/web/index.php?r=daftar-penganggaran-bidang-kegiatan" "Mozilla/5.0 (Windows NT 10.0; Win64; x64) AppleWebKit/537.36 (KHTML, like Gecko) Chrome/80.0.3987.163 Safari/537.36"
103.102.12.10 - - [13/Apr/2020:02:08:38 +0000] "GET /backend/web/index.php?r=daftar-penganggaran-bidang-kegiatan%2Fcreate HTTP/1.1" 200 5965 "https://sijaksa.online/backend/web/index.php?r=daftar-penganggaran-bidang-kegiatan" "Mozilla/5.0 (Windows NT 10.0; Win64; x64) AppleWebKit/537.36 (KHTML, like Gecko) Chrome/80.0.3987.163 Safari/537.36"
103.102.12.10 - - [13/Apr/2020:02:08:40 +0000] "GET /backend/web/assets/a489020/yii.validation.js HTTP/1.1" 304 194 "https://sijaksa.online/backend/web/index.php?r=daftar-penganggaran-bidang-kegiatan%2Fcreate" "Mozilla/5.0 (Windows NT 10.0; Win64; x64) AppleWebKit/537.36 (KHTML, like Gecko) Chrome/80.0.3987.163 Safari/537.36"
64.233.172.19 - - [13/Apr/2020:02:08:59 +0000] "GET / HTTP/1.1" 302 253 "-" "Mozilla/5.0 (X11; Linux x86_64) AppleWebKit/537.36 (KHTML, like Gecko) Chrome/49.0.2623.75 Safari/537.36 Google Favicon"
64.233.172.18 - - [13/Apr/2020:02:09:00 +0000] "GET /backend/web/index.php HTTP/1.1" 302 3036 "-" "Mozilla/5.0 (X11; Linux x86_64) AppleWebKit/537.36 (KHTML, like Gecko) Chrome/49.0.2623.75 Safari/537.36 Google Favicon"
103.102.12.10 - - [13/Apr/2020:02:09:00 +0000] "POST /backend/web/index.php?r=daftar-penganggaran-bidang-kegiatan%2Fcreate HTTP/1.1" 302 3045 "https://sijaksa.online/backend/web/index.php?r=daftar-penganggaran-bidang-kegiatan%2Fcreate" "Mozilla/5.0 (Windows NT 10.0; Win64; x64) AppleWebKit/537.36 (KHTML, like Gecko) Chrome/80.0.3987.163 Safari/537.36"
64.233.172.20 - - [13/Apr/2020:02:09:01 +0000] "GET /backend/web/index.php?r=site%2Flogin HTTP/1.1" 200 4660 "-" "Mozilla/5.0 (X11; Linux x86_64) AppleWebKit/537.36 (KHTML, like Gecko) Chrome/49.0.2623.75 Safari/537.36 Google Favicon"
103.102.12.10 - - [13/Apr/2020:02:09:01 +0000] "GET /backend/web/index.php?r=daftar-penganggaran-bidang-kegiatan%2Fview&id=973 HTTP/1.1" 200 3064 "https://sijaksa.online/backend/web/index.php?r=daftar-penganggaran-bidang-kegiatan%2Fcreate" "Mozilla/5.0 (Windows NT 10.0; Win64; x64) AppleWebKit/537.36 (KHTML, like Gecko) Chrome/80.0.3987.163 Safari/537.36"
64.233.172.22 - - [13/Apr/2020:02:09:01 +0000] "GET /favicon.ico HTTP/1.1" 404 2987 "-" "Mozilla/5.0 (X11; Linux x86_64) AppleWebKit/537.36 (KHTML, like Gecko) Chrome/49.0.2623.75 Safari/537.36 Google Favicon"
103.102.12.10 - - [13/Apr/2020:02:09:10 +0000] "GET /backend/web/index.php?r=daftar-penganggaran-sub-bidang-kegiatan%2Fcreate&id=973&id_bidang=2 HTTP/1.1" 200 6226 "https://sijaksa.online/backend/web/index.php?r=daftar-penganggaran-bidang-kegiatan%2Fview&id=973" "Mozilla/5.0 (Windows NT 10.0; Win64; x64) AppleWebKit/537.36 (KHTML, like Gecko) Chrome/80.0.3987.163 Safari/537.36"
103.102.12.10 - - [13/Apr/2020:02:09:17 +0000] "POST /backend/web/index.php?r=daftar-penganggaran-sub-bidang-kegiatan%2Fcreate&id=973&id_bidang=2 HTTP/1.1" 302 3045 "https://sijaksa.online/backend/web/index.php?r=daftar-penganggaran-sub-bidang-kegiatan%2Fcreate&id=973&id_bidang=2" "Mozilla/5.0 (Windows NT 10.0; Win64; x64) AppleWebKit/537.36 (KHTML, like Gecko) Chrome/80.0.3987.163 Safari/537.36"
103.102.12.10 - - [13/Apr/2020:02:09:17 +0000] "GET /backend/web/index.php?r=daftar-penganggaran-bidang-kegiatan%2Fview&id=973 HTTP/1.1" 200 3184 "https://sijaksa.online/backend/web/index.php?r=daftar-penganggaran-sub-bidang-kegiatan%2Fcreate&id=973&id_bidang=2" "Mozilla/5.0 (Windows NT 10.0; Win64; x64) AppleWebKit/537.36 (KHTML, like Gecko) Chrome/80.0.3987.163 Safari/537.36"
103.102.12.10 - - [13/Apr/2020:02:09:58 +0000] "GET /backend/web/index.php?r=daftar-penganggaran-sub-bidang-kegiatan%2Fcreate&id=973&id_bidang=2 HTTP/1.1" 200 6226 "https://sijaksa.online/backend/web/index.php?r=daftar-penganggaran-bidang-kegiatan%2Fview&id=973" "Mozilla/5.0 (Windows NT 10.0; Win64; x64) AppleWebKit/537.36 (KHTML, like Gecko) Chrome/80.0.3987.163 Safari/537.36"
180.246.64.33 - - [13/Apr/2020:02:10:06 +0000] "POST /backend/web/index.php?r=daftar-penganggaran-sub-bidang-kegiatan%2Fcreate&id=973&id_bidang=2 HTTP/1.1" 302 3045 "https://sijaksa.online/backend/web/index.php?r=daftar-penganggaran-sub-bidang-kegiatan%2Fcreate&id=973&id_bidang=2" "Mozilla/5.0 (Windows NT 10.0; Win64; x64) AppleWebKit/537.36 (KHTML, like Gecko) Chrome/80.0.3987.163 Safari/537.36"
180.246.64.33 - - [13/Apr/2020:02:10:06 +0000] "GET /backend/web/index.php?r=daftar-penganggaran-bidang-kegiatan%2Fview&id=973 HTTP/1.1" 200 3227 "https://sijaksa.online/backend/web/index.php?r=daftar-penganggaran-sub-bidang-kegiatan%2Fcreate&id=973&id_bidang=2" "Mozilla/5.0 (Windows NT 10.0; Win64; x64) AppleWebKit/537.36 (KHTML, like Gecko) Chrome/80.0.3987.163 Safari/537.36"
103.102.12.10 - - [13/Apr/2020:02:10:19 +0000] "GET /backend/web/index.php?r=daftar-penganggaran-sub-bidang-kegiatan%2Fcreate&id=973&id_bidang=2 HTTP/1.1" 200 6226 "https://sijaksa.online/backend/web/index.php?r=daftar-penganggaran-bidang-kegiatan%2Fview&id=973" "Mozilla/5.0 (Windows NT 10.0; Win64; x64) AppleWebKit/537.36 (KHTML, like Gecko) Chrome/80.0.3987.163 Safari/537.36"
103.102.12.10 - - [13/Apr/2020:02:10:32 +0000] "POST /backend/web/index.php?r=daftar-penganggaran-sub-bidang-kegiatan%2Fcreate&id=973&id_bidang=2 HTTP/1.1" 302 3045 "https://sijaksa.online/backend/web/index.php?r=daftar-penganggaran-sub-bidang-kegiatan%2Fcreate&id=973&id_bidang=2" "Mozilla/5.0 (Windows NT 10.0; Win64; x64) AppleWebKit/537.36 (KHTML, like Gecko) Chrome/80.0.3987.163 Safari/537.36"
103.102.12.10 - - [13/Apr/2020:02:10:33 +0000] "GET /backend/web/index.php?r=daftar-penganggaran-bidang-kegiatan%2Fview&id=973 HTTP/1.1" 200 3272 "https://sijaksa.online/backend/web/index.php?r=daftar-penganggaran-sub-bidang-kegiatan%2Fcreate&id=973&id_bidang=2" "Mozilla/5.0 (Windows NT 10.0; Win64; x64) AppleWebKit/537.36 (KHTML, like Gecko) Chrome/80.0.3987.163 Safari/537.36"
103.102.12.10 - - [13/Apr/2020:02:10:47 +0000] "GET /backend/web/index.php?r=daftar-penganggaran-sub-bidang-kegiatan%2Fcreate&id=973&id_bidang=2 HTTP/1.1" 200 6226 "https://sijaksa.online/backend/web/index.php?r=daftar-penganggaran-bidang-kegiatan%2Fview&id=973" "Mozilla/5.0 (Windows NT 10.0; Win64; x64) AppleWebKit/537.36 (KHTML, like Gecko) Chrome/80.0.3987.163 Safari/537.36"
103.102.12.10 - - [13/Apr/2020:02:11:00 +0000] "POST /backend/web/index.php?r=daftar-penganggaran-sub-bidang-kegiatan%2Fcreate&id=973&id_bidang=2 HTTP/1.1" 302 3045 "https://sijaksa.online/backend/web/index.php?r=daftar-penganggaran-sub-bidang-kegiatan%2Fcreate&id=973&id_bidang=2" "Mozilla/5.0 (Windows NT 10.0; Win64; x64) AppleWebKit/537.36 (KHTML, like Gecko) Chrome/80.0.3987.163 Safari/537.36"
103.102.12.10 - - [13/Apr/2020:02:11:02 +0000] "GET /backend/web/index.php?r=daftar-penganggaran-bidang-kegiatan%2Fview&id=973 HTTP/1.1" 200 3314 "https://sijaksa.online/backend/web/index.php?r=daftar-penganggaran-sub-bidang-kegiatan%2Fcreate&id=973&id_bidang=2" "Mozilla/5.0 (Windows NT 10.0; Win64; x64) AppleWebKit/537.36 (KHTML, like Gecko) Chrome/80.0.3987.163 Safari/537.36"
103.102.12.10 - - [13/Apr/2020:02:11:08 +0000] "GET /backend/web/index.php?r=daftar-penganggaran-bidang-kegiatan%2Findex HTTP/1.1" 200 7863 "https://sijaksa.online/backend/web/index.php?r=daftar-penganggaran-bidang-kegiatan%2Fview&id=973" "Mozilla/5.0 (Windows NT 10.0; Win64; x64) AppleWebKit/537.36 (KHTML, like Gecko) Chrome/80.0.3987.163 Safari/537.36"
103.102.12.10 - - [13/Apr/2020:02:11:14 +0000] "GET /backend/web/index.php?r=daftar-penganggaran-bidang-kegiatan/view&id=321&_pjax=%23p0 HTTP/1.1" 200 5887 "https://sijaksa.online/backend/web/index.php?r=daftar-penganggaran-bidang-kegiatan%2Findex" "Mozilla/5.0 (Windows NT 10.0; Win64; x64) AppleWebKit/537.36 (KHTML, like Gecko) Chrome/80.0.3987.163 Safari/537.36"
103.102.12.10 - - [13/Apr/2020:02:11:14 +0000] "GET /backend/web/index.php?r=daftar-penganggaran-bidang-kegiatan/view&id=321 HTTP/1.1" 200 3275 "https://sijaksa.online/backend/web/index.php?r=daftar-penganggaran-bidang-kegiatan%2Findex" "Mozilla/5.0 (Windows NT 10.0; Win64; x64) AppleWebKit/537.36 (KHTML, like Gecko) Chrome/80.0.3987.163 Safari/537.36"
103.102.12.10 - - [13/Apr/2020:02:11:40 +0000] "GET /backend/web/index.php?r=daftar-penganggaran-sub-bidang-kegiatan%2Fview&id=813 HTTP/1.1" 200 6009 "https://sijaksa.online/backend/web/index.php?r=daftar-penganggaran-bidang-kegiatan/view&id=321" "Mozilla/5.0 (Windows NT 10.0; Win64; x64) AppleWebKit/537.36 (KHTML, like Gecko) Chrome/80.0.3987.163 Safari/537.36"
103.102.12.10 - - [13/Apr/2020:02:11:47 +0000] "GET /backend/web/index.php?r=daftar-penganggaran-kegiatan-kegiatan%2Fview&id=77 HTTP/1.1" 200 3746 "https://sijaksa.online/backend/web/index.php?r=daftar-penganggaran-sub-bidang-kegiatan%2Fview&id=813" "Mozilla/5.0 (Windows NT 10.0; Win64; x64) AppleWebKit/537.36 (KHTML, like Gecko) Chrome/80.0.3987.163 Safari/537.36"
